### Code coverage of files in pull request scope (75.0% â†’ 58.3%)

|                                                                     Files                                                                     | Coverage |  +/-   |  Status  |
|-----------------------------------------------------------------------------------------------------------------------------------------------|---------:|-------:|---------:|
| [github.com/k1LoW/octocov/zcase/affected.go](https://github.com/k1LoW/octocov/blob/afterhash/github.com/k1LoW/octocov/zcase/affected.go)      | 50.0%    | -33.4% | affected |
| [github.com/k1LoW/octocov/zcase/rename_old.go](https://github.com/k1LoW/octocov/blob/beforehash/github.com/k1LoW/octocov/zcase/rename_old.go) | 0.0%     | -66.7% | affected |
| [zcase/added.go](https://github.com/k1LoW/octocov/blob/afterhash/zcase/added.go)                                                              | 66.6%    | +66.6% | added    |
| [zcase/removed.go](https://github.com/k1LoW/octocov/blob/beforehash/zcase/removed.go)                                                         | 0.0%     | -66.7% | removed  |
| [zcase/rename_new.go](https://github.com/k1LoW/octocov/blob/afterhash/zcase/rename_new.go)                                                    | 66.6%    | +66.6% | renamed  |
